
> frontend@0.0.0 build
> tsc -b && vite build

src/utils/quantityCalculations.ts(53,3): error TS2739: Type '{ id: `${string}-${string}-${string}-${string}-${string}`; description: string; woQty: number; invoiceQty: number; pendingQty: number; unitRate: number; pendingAmount: number; }' is missing the following properties from type 'QuantityItem': currency, exchangeRate, unitRateINR
